[2026-07-30T19:18:45.524+0000] {local_task_job_runner.py:120} INFO - ::group::Pre task execution logs
[2026-07-30T19:18:45.536+0000] {taskinstance.py:2076} INFO - Dependencies all met for dep_context=non-requeueable deps ti=<TaskInstance: produce_json.save_to_json manual__2026-07-30T19:18:30.246317+00:00 [queued]>
[2026-07-30T19:18:45.541+0000] {taskinstance.py:2076} INFO - Dependencies all met for dep_context=requeueable deps ti=<TaskInstance: produce_json.save_to_json manual__2026-07-30T19:18:30.246317+00:00 [queued]>
[2026-07-30T19:18:45.541+0000] {taskinstance.py:2306} INFO - Starting attempt 1 of 1
[2026-07-30T19:18:45.548+0000] {taskinstance.py:2330} INFO - Executing <Task(_PythonDecoratedOperator): save_to_json> on 2026-07-30 19:18:30.246317+00:00
[2026-07-30T19:18:45.551+0000] {standard_task_runner.py:63} INFO - Started process 111 to run task
[2026-07-30T19:18:45.554+0000] {standard_task_runner.py:90} INFO - Running: ['airflow', 'tasks', 'run', 'produce_json', 'save_to_json', 'manual__2026-07-30T19:18:30.246317+00:00', '--job-id', '6', '--raw', '--subdir', 'DAGS_FOLDER/main.py', '--cfg-path', '/tmp/tmpyf_glymt']
[2026-07-30T19:18:45.555+0000] {standard_task_runner.py:91} INFO - Job 6: Subtask save_to_json
[2026-07-30T19:18:45.590+0000] {task_command.py:426} INFO - Running <TaskInstance: produce_json.save_to_json manual__2026-07-30T19:18:30.246317+00:00 [running]> on host 13628abf73e4
[2026-07-30T19:18:45.662+0000] {taskinstance.py:2648} INFO - Exporting env vars: AIRFLOW_CTX_DAG_EMAIL='data@engineers.com' AIRFLOW_CTX_DAG_OWNER='dataengineers' AIRFLOW_CTX_DAG_ID='produce_json' AIRFLOW_CTX_TASK_ID='save_to_json' AIRFLOW_CTX_EXECUTION_DATE='2026-07-30T19:18:30.246317+00:00' AIRFLOW_CTX_TRY_NUMBER='1' AIRFLOW_CTX_DAG_RUN_ID='manual__2026-07-30T19:18:30.246317+00:00'
[2026-07-30T19:18:45.662+0000] {taskinstance.py:430} INFO - ::endgroup::
[2026-07-30T19:18:45.663+0000] {taskinstance.py:441} INFO - ::group::Post task execution logs
[2026-07-30T19:18:45.663+0000] {taskinstance.py:2905} ERROR - Task failed with exception
Traceback (most recent call last):
  File "/home/airflow/.local/lib/python3.10/site-packages/airflow/models/taskinstance.py", line 465, in _execute_task
    result = _execute_callable(context=context, **execute_callable_kwargs)
  File "/home/airflow/.local/lib/python3.10/site-packages/airflow/models/taskinstance.py", line 432, in _execute_callable
    return execute_callable(context=context, **execute_callable_kwargs)
  File "/home/airflow/.local/lib/python3.10/site-packages/airflow/models/baseoperator.py", line 401, in wrapper
    return func(self, *args, **kwargs)
  File "/home/airflow/.local/lib/python3.10/site-packages/airflow/decorators/base.py", line 265, in execute
    return_value = super().execute(context)
  File "/home/airflow/.local/lib/python3.10/site-packages/airflow/models/baseoperator.py", line 401, in wrapper
    return func(self, *args, **kwargs)
  File "/home/airflow/.local/lib/python3.10/site-packages/airflow/operators/python.py", line 235, in execute
    return_value = self.execute_callable()
  File "/home/airflow/.local/lib/python3.10/site-packages/airflow/operators/python.py", line 252, in execute_callable
    return self.python_callable(*self.op_args, **self.op_kwargs)
  File "/opt/airflow/dags/api/video_stats.py", line 123, in save_to_json
    with open(file_path, 'w', encoding='utf-8') as json_outfile:
PermissionError: [Errno 13] Permission denied: '/opt/airflow/data/YT_data_2026-07-30.json'
[2026-07-30T19:18:45.668+0000] {taskinstance.py:1206} INFO - Marking task as FAILED. dag_id=produce_json, task_id=save_to_json, run_id=manual__2026-07-30T19:18:30.246317+00:00, execution_date=20260730T191830, start_date=20260730T191845, end_date=20260730T191845
[2026-07-30T19:18:45.675+0000] {standard_task_runner.py:110} ERROR - Failed to execute job 6 for task save_to_json ([Errno 13] Permission denied: '/opt/airflow/data/YT_data_2026-07-30.json'; 111)
[2026-07-30T19:18:45.687+0000] {local_task_job_runner.py:240} INFO - Task exited with return code 1
[2026-07-30T19:18:45.698+0000] {taskinstance.py:3503} INFO - 0 downstream tasks scheduled from follow-on schedule check
[2026-07-30T19:18:45.700+0000] {local_task_job_runner.py:222} INFO - ::endgroup::
